[2026-08-21T14:09:36.420+08:00] [info] app - 检测到首次运行，启动图形化配置向导...
[2026-08-21T14:09:55.305+08:00] [info] app - 检测到首次运行，启动图形化配置向导...
[2026-08-21T14:12:02.621+08:00] [info] app - 检测到首次运行，启动图形化配置向导...
[2026-08-21T14:12:25.689+08:00] [info] app - 配置已保存，请重新启动服务器以应用配置
[2026-08-21T14:12:32.049+08:00] [info] app - Server Mod read 已加载
[2026-08-21T14:12:32.052+08:00] [info] app - Server Mod AI 已加载
[2026-08-21T14:12:32.052+08:00] [info] app - Client Mod AI 已加载
[2026-08-21T14:12:32.054+08:00] [info] app - Client Mod PermissionCommands 已加载
[2026-08-21T14:12:32.069+08:00] [info] app - Client Mod Tool 已加载
[2026-08-21T14:12:32.078+08:00] [info] app - Client Mod Position 已加载
[2026-08-21T14:12:32.103+08:00] [info] app - Client Mod Music 已加载
[2026-08-21T14:12:32.105+08:00] [info] app - Client Mod MCFunc 已加载
[2026-08-21T14:12:32.107+08:00] [info] app - Client Mod MoreWS 已加载
[2026-08-21T14:12:32.111+08:00] [info] app - Client Mod Litematic 已加载
[2026-08-21T14:12:32.122+08:00] [info] app - Client Mod ImageMod 已加载
[2026-08-21T14:12:32.122+08:00] [info] app - 服务器已启动
[2026-08-21T14:12:45.595+08:00] [info] app - 客户端 127.0.0.1 已连接
[2026-08-21T14:12:46.604+08:00] [info] app - 主客户端已连接
[2026-08-21T14:12:46.728+08:00] [info] app - SAPI 命令不存在，已禁用桥接功能
[2026-08-21T14:16:07.173+08:00] [info] app - 正在关闭服务端 Mod...
[2026-08-21T14:16:07.173+08:00] [info] app - Server Mod read 已销毁
[2026-08-21T14:16:07.173+08:00] [info] app - Server Mod AI 已销毁
[2026-08-21T14:16:07.173+08:00] [info] app - 服务端 Mod 已关闭
[2026-08-21T14:16:07.173+08:00] [info] app - 正在通知客户端断开连接...
[2026-08-21T14:16:07.224+08:00] [error] app - 消息循环异常: no close frame received or sent
[2026-08-21T14:16:07.224+08:00] [info] app - 客户端 127.0.0.1 连接已关闭
[2026-08-21T14:16:07.224+08:00] [info] app - 主客户端连接已关闭
[2026-08-21T14:16:07.316+08:00] [info] app - 程序进程结束
[2026-08-21T14:16:08.918+08:00] [info] app - Server Mod read 已加载
[2026-08-21T14:16:08.919+08:00] [info] app - Server Mod AI 已加载
[2026-08-21T14:16:08.919+08:00] [info] app - Client Mod AI 已加载
[2026-08-21T14:16:08.920+08:00] [info] app - Client Mod PermissionCommands 已加载
[2026-08-21T14:16:08.930+08:00] [info] app - Client Mod Tool 已加载
[2026-08-21T14:16:08.930+08:00] [info] app - Client Mod Position 已加载
[2026-08-21T14:16:08.953+08:00] [info] app - Client Mod Music 已加载
[2026-08-21T14:16:08.953+08:00] [info] app - Client Mod MCFunc 已加载
[2026-08-21T14:16:08.954+08:00] [info] app - Client Mod MoreWS 已加载
[2026-08-21T14:16:08.954+08:00] [info] app - Client Mod Litematic 已加载
[2026-08-21T14:16:08.965+08:00] [info] app - Client Mod ImageMod 已加载
[2026-08-21T14:16:08.965+08:00] [info] app - 服务器已启动
[2026-08-21T14:16:13.417+08:00] [info] app - 客户端 127.0.0.1 已连接
[2026-08-21T14:16:18.531+08:00] [info] app - 客户端 127.0.0.1 已连接
[2026-08-21T14:16:19.542+08:00] [info] app - 主客户端已连接
[2026-08-21T14:16:19.651+08:00] [info] app - SAPI 命令不存在，已禁用桥接功能
[2026-08-21T14:16:32.558+08:00] [info] app - 正在关闭服务端 Mod...
[2026-08-21T14:16:32.558+08:00] [info] app - Server Mod read 已销毁
[2026-08-21T14:16:32.558+08:00] [info] app - Server Mod AI 已销毁
[2026-08-21T14:16:32.558+08:00] [info] app - 服务端 Mod 已关闭
[2026-08-21T14:16:32.558+08:00] [info] app - 正在通知客户端断开连接...
[2026-08-21T14:16:32.606+08:00] [error] app - 消息循环异常: no close frame received or sent
[2026-08-21T14:16:32.606+08:00] [info] app - 客户端 127.0.0.1 连接已关闭
[2026-08-21T14:16:32.606+08:00] [info] app - 主客户端连接已关闭
[2026-08-21T14:16:32.709+08:00] [info] app - 程序进程结束
[2026-08-21T14:19:05.236+08:00] [info] app - Server Mod read 已加载
[2026-08-21T14:19:05.236+08:00] [info] app - Server Mod AI 已加载
[2026-08-21T14:19:05.236+08:00] [info] app - Client Mod AI 已加载
[2026-08-21T14:19:05.237+08:00] [info] app - Client Mod PermissionCommands 已加载
[2026-08-21T14:19:05.247+08:00] [info] app - Client Mod Tool 已加载
[2026-08-21T14:19:05.247+08:00] [info] app - Client Mod Position 已加载
[2026-08-21T14:19:05.270+08:00] [info] app - Client Mod Music 已加载
[2026-08-21T14:19:05.271+08:00] [info] app - Client Mod MCFunc 已加载
[2026-08-21T14:19:05.271+08:00] [info] app - Client Mod MoreWS 已加载
[2026-08-21T14:19:05.272+08:00] [info] app - Client Mod Litematic 已加载
[2026-08-21T14:19:05.281+08:00] [info] app - Client Mod ImageMod 已加载
[2026-08-21T14:19:05.281+08:00] [info] app - 服务器已启动
[2026-08-21T14:19:09.523+08:00] [info] app - 正在关闭服务端 Mod...
[2026-08-21T14:19:09.523+08:00] [info] app - Server Mod read 已销毁
[2026-08-21T14:19:09.524+08:00] [info] app - Server Mod AI 已销毁
[2026-08-21T14:19:09.524+08:00] [info] app - 服务端 Mod 已关闭
[2026-08-21T14:19:09.524+08:00] [info] app - 正在通知客户端断开连接...
[2026-08-21T14:19:09.524+08:00] [info] app - 客户端通知已完成
[2026-08-21T14:19:09.524+08:00] [info] app - 正在关闭服务器...
[2026-08-21T14:19:09.524+08:00] [info] app - 服务器已关闭
[2026-08-21T14:19:09.525+08:00] [info] app - 程序进程结束
[2026-08-21T14:21:01.959+08:00] [info] app - 检测到 -set 参数，启动图形化配置向导...
[2026-08-21T14:23:47.633+08:00] [info] app - 检测到 -set 参数，启动图形化配置向导...
[2026-08-21T14:25:21.913+08:00] [info] app - 配置已保存，请重新启动服务器以应用配置
